// Vitest Snapshot v1, https://vitest.dev/guide/snapshot.html

exports[`exportTheme > exports deterministic CSS with @supports overrides 1`] = `
":root {
  --pk-bg-app: #dddee1;
  --pk-custom-alias: #f1f4fb;
  --pk-text-primary: #f1f4fb;
}

@supports (color: oklch(0% 0 0)) {
  :root {
    --pk-bg-app: oklch(90% 0.004 264.7);
    --pk-bg-app-oklch: oklch(90% 0.004 264.7);
    --pk-custom-alias: oklch(96.7% 0.01 264.7);
    --pk-custom-alias-oklch: oklch(96.7% 0.01 264.7);
    --pk-text-primary: oklch(96.7% 0.01 264.7);
    --pk-text-primary-oklch: oklch(96.7% 0.01 264.7);
  }
}

@supports (color: color(display-p3 1 1 1)) {
  :root {
    --pk-bg-app-p3: color(display-p3 0.866 0.87 0.88);
    --pk-custom-alias-p3: color(display-p3 0.947 0.957 0.981);
    --pk-text-primary-p3: color(display-p3 0.947 0.957 0.981);
  }
}
"
`;

exports[`exportTheme > exports deterministic JSON with light/dark contexts 1`] = `
{
  "dark": {
    "bg.app": {
      "alpha": 1,
      "meta": undefined,
      "oklch": "oklch(6% 0.004 264.7)",
      "p3": undefined,
      "srgb": "#010101",
      "value": "oklch(6% 0.004 264.7)",
    },
    "custom.alias": {
      "alpha": 1,
      "meta": undefined,
      "oklch": "oklch(27.5% 0.01 264.7)",
      "p3": undefined,
      "srgb": "#25282d",
      "value": "oklch(27.5% 0.01 264.7)",
    },
    "text.primary": {
      "alpha": 1,
      "meta": undefined,
      "oklch": "oklch(27.5% 0.01 264.7)",
      "p3": undefined,
      "srgb": "#25282d",
      "value": "oklch(27.5% 0.01 264.7)",
    },
  },
  "light": {
    "bg.app": {
      "alpha": 1,
      "meta": undefined,
      "oklch": "oklch(90% 0.004 264.7)",
      "p3": undefined,
      "srgb": "#dddee1",
      "value": "oklch(90% 0.004 264.7)",
    },
    "custom.alias": {
      "alpha": 1,
      "meta": undefined,
      "oklch": "oklch(96.7% 0.01 264.7)",
      "p3": undefined,
      "srgb": "#f1f4fb",
      "value": "oklch(96.7% 0.01 264.7)",
    },
    "text.primary": {
      "alpha": 1,
      "meta": undefined,
      "oklch": "oklch(96.7% 0.01 264.7)",
      "p3": undefined,
      "srgb": "#f1f4fb",
      "value": "oklch(96.7% 0.01 264.7)",
    },
  },
}
`;
